2026-08-24 12:33:25,945 - wx4py.client - INFO - 正在连接微信...
2026-08-24 12:33:25,945 - wx4py.core.window - INFO - 正在检查辅助功能环境...
2026-08-24 12:33:25,945 - wx4py.core.window - INFO - 正在查找微信窗口...
2026-08-24 12:33:25,952 - wx4py.core.window - INFO - 找到微信窗口: HWND=660250
2026-08-24 12:33:26,276 - wx4py.core.window - INFO - 当前窗口不是主窗口（ClassName=Qt51514QWindowIcon），检查是否在登录界面...
2026-08-24 12:33:26,385 - wx4py.core.window - INFO - 正在初始化 UIAutomation...
2026-08-24 12:33:26,402 - wx4py.core.window - INFO - 成功连接到微信
2026-08-24 12:33:26,403 - wx4py.features.groups - INFO - 获取我在群 '我和我老婆' 中的昵称
2026-08-24 12:33:26,403 - wx4py.features.chat - INFO - 正在打开聊天: 我和我老婆 (类型: group)
2026-08-24 12:33:26,403 - wx4py.features.chat - INFO - 搜索: 我和我老婆
2026-08-24 12:33:32,766 - wx4py.features.chat - INFO - 聊天已打开: 我和我老婆
2026-08-24 12:33:47,403 - wx4py.features.groups - ERROR - 经过 30 次 Tab 后未找到 '我在本群的昵称'
2026-08-24 12:33:47,404 - wx4py.features.messaging.listener - WARNING - 未读取到群昵称，无法精确判断是否 @ 我: 我和我老婆
2026-08-24 12:33:47,562 - wx4py.features.messaging.listener - INFO - 开始监听群聊: 我和我老婆
2026-08-24 12:43:38,738 - wx4py.features.messaging.listener - INFO - 群聊监听已停止
2026-08-24 12:43:38,793 - wx4py.core.window - INFO - 已断开微信连接
2026-08-24 12:43:38,793 - wx4py.client - INFO - 已断开微信连接
2026-08-24 12:43:43,493 - wx4py.client - INFO - 正在连接微信...
2026-08-24 12:43:43,493 - wx4py.core.window - INFO - 正在检查辅助功能环境...
2026-08-24 12:43:43,494 - wx4py.core.window - INFO - 正在查找微信窗口...
2026-08-24 12:43:43,500 - wx4py.core.window - INFO - 找到微信窗口: HWND=660250
2026-08-24 12:43:43,801 - wx4py.core.window - INFO - 当前窗口不是主窗口（ClassName=Qt51514QWindowIcon），检查是否在登录界面...
2026-08-24 12:43:43,906 - wx4py.core.window - INFO - 正在初始化 UIAutomation...
2026-08-24 12:43:43,923 - wx4py.core.window - INFO - 成功连接到微信
2026-08-24 12:43:44,065 - wx4py.features.messaging.listener - INFO - 开始监听群聊: 我和我老婆
2026-08-24 12:52:16,669 - wx4py.features.messaging.listener - INFO - 群聊监听已停止
2026-08-24 12:52:16,808 - wx4py.core.window - INFO - 已断开微信连接
2026-08-24 12:52:16,808 - wx4py.client - INFO - 已断开微信连接
2026-08-24 12:53:07,036 - wx4py.client - INFO - 正在连接微信...
2026-08-24 12:53:07,037 - wx4py.core.window - INFO - 正在检查辅助功能环境...
2026-08-24 12:53:07,037 - wx4py.core.window - INFO - 正在查找微信窗口...
2026-08-24 12:53:07,045 - wx4py.core.window - INFO - 找到微信窗口: HWND=2168642
2026-08-24 12:53:07,346 - wx4py.core.window - INFO - 当前窗口不是主窗口（ClassName=Qt51514QWindowIcon），检查是否在登录界面...
2026-08-24 12:53:07,453 - wx4py.core.window - INFO - 正在初始化 UIAutomation...
2026-08-24 12:53:07,472 - wx4py.core.window - INFO - 成功连接到微信
2026-08-24 12:53:07,525 - wx4py.features.chat - INFO - 正在打开聊天: 我和我老婆 (类型: group)
2026-08-24 12:53:07,526 - wx4py.features.chat - INFO - 搜索: 我和我老婆
2026-08-24 12:53:13,984 - wx4py.features.chat - INFO - 聊天已打开: 我和我老婆
2026-08-24 12:53:15,953 - wx4py.features.messaging.listener - INFO - 开始监听群聊: 我和我老婆
2026-08-24 12:57:09,347 - wx4py.features.messaging.listener - INFO - 群聊监听已停止
2026-08-24 12:57:09,376 - wx4py.core.window - INFO - 已断开微信连接
2026-08-24 12:57:09,376 - wx4py.client - INFO - 已断开微信连接
2026-08-24 12:57:44,183 - wx4py.client - INFO - 正在连接微信...
2026-08-24 12:57:44,183 - wx4py.core.window - INFO - 正在检查辅助功能环境...
2026-08-24 12:57:44,184 - wx4py.core.window - INFO - 正在查找微信窗口...
2026-08-24 12:57:44,191 - wx4py.core.window - INFO - 找到微信窗口: HWND=2035632
2026-08-24 12:57:44,492 - wx4py.core.window - INFO - 当前窗口不是主窗口（ClassName=Qt51514QWindowIcon），检查是否在登录界面...
2026-08-24 12:57:44,604 - wx4py.core.window - INFO - 正在初始化 UIAutomation...
2026-08-24 12:57:44,622 - wx4py.core.window - INFO - 成功连接到微信
2026-08-24 12:57:44,684 - wx4py.features.chat - INFO - 正在打开聊天: 我和我老婆 (类型: group)
2026-08-24 12:57:44,684 - wx4py.features.chat - INFO - 搜索: 我和我老婆
2026-08-24 12:57:50,959 - wx4py.features.chat - INFO - 聊天已打开: 我和我老婆
2026-08-24 12:57:52,934 - wx4py.features.messaging.listener - INFO - 开始监听群聊: 我和我老婆
2026-08-24 14:05:52,723 - wx4py.client - INFO - 正在连接微信...
2026-08-24 14:05:52,723 - wx4py.core.window - INFO - 正在检查辅助功能环境...
2026-08-24 14:05:52,723 - wx4py.core.window - INFO - 正在查找微信窗口...
2026-08-24 14:05:52,730 - wx4py.core.window - INFO - 找到微信窗口: HWND=2035632
2026-08-24 14:05:53,060 - wx4py.core.window - INFO - 当前窗口不是主窗口（ClassName=Qt51514QWindowIcon），检查是否在登录界面...
2026-08-24 14:05:53,176 - wx4py.core.window - INFO - 正在初始化 UIAutomation...
2026-08-24 14:05:53,199 - wx4py.core.window - INFO - 成功连接到微信
2026-08-24 14:05:53,335 - wx4py.features.messaging.listener - INFO - 开始监听群聊: 我和我老婆
2026-08-24 14:13:52,912 - wx4py.features.messaging.listener - INFO - 群聊监听已停止
2026-08-24 14:13:52,988 - wx4py.core.window - INFO - 已断开微信连接
2026-08-24 14:13:52,989 - wx4py.client - INFO - 已断开微信连接
2026-08-24 14:13:57,612 - wx4py.client - INFO - 正在连接微信...
2026-08-24 14:13:57,612 - wx4py.core.window - INFO - 正在检查辅助功能环境...
2026-08-24 14:13:57,612 - wx4py.core.window - INFO - 正在查找微信窗口...
2026-08-24 14:13:57,618 - wx4py.core.window - INFO - 找到微信窗口: HWND=2035632
2026-08-24 14:13:57,945 - wx4py.core.window - INFO - 当前窗口不是主窗口（ClassName=Qt51514QWindowIcon），检查是否在登录界面...
2026-08-24 14:13:58,051 - wx4py.core.window - INFO - 正在初始化 UIAutomation...
2026-08-24 14:13:58,071 - wx4py.core.window - INFO - 成功连接到微信
2026-08-24 14:13:58,203 - wx4py.features.messaging.listener - INFO - 开始监听群聊: 我和我老婆
2026-08-24 14:30:22,049 - wx4py.features.messaging.listener - INFO - 群聊监听已停止
2026-08-24 14:30:22,056 - wx4py.core.window - INFO - 已断开微信连接
2026-08-24 14:30:22,057 - wx4py.client - INFO - 已断开微信连接
2026-08-24 14:30:26,788 - wx4py.client - INFO - 正在连接微信...
2026-08-24 14:30:26,788 - wx4py.core.window - INFO - 正在检查辅助功能环境...
2026-08-24 14:30:26,789 - wx4py.core.window - INFO - 正在查找微信窗口...
2026-08-24 14:30:26,796 - wx4py.core.window - INFO - 找到微信窗口: HWND=2035632
2026-08-24 14:30:27,124 - wx4py.core.window - INFO - 当前窗口不是主窗口（ClassName=Qt51514QWindowIcon），检查是否在登录界面...
2026-08-24 14:30:27,237 - wx4py.core.window - INFO - 正在初始化 UIAutomation...
2026-08-24 14:30:27,256 - wx4py.core.window - INFO - 成功连接到微信
2026-08-24 14:30:27,399 - wx4py.features.messaging.listener - INFO - 开始监听群聊: 我和我老婆
2026-08-24 14:48:25,064 - wx4py.features.messaging.listener - INFO - 群聊监听已停止
2026-08-24 14:48:25,070 - wx4py.core.window - INFO - 已断开微信连接
2026-08-24 14:48:25,070 - wx4py.client - INFO - 已断开微信连接
2026-08-24 14:48:32,172 - wx4py.client - INFO - 正在连接微信...
2026-08-24 14:48:32,172 - wx4py.core.window - INFO - 正在检查辅助功能环境...
2026-08-24 14:48:32,173 - wx4py.core.window - INFO - 正在查找微信窗口...
2026-08-24 14:48:32,179 - wx4py.core.window - INFO - 找到微信窗口: HWND=2035632
2026-08-24 14:48:32,509 - wx4py.core.window - INFO - 当前窗口不是主窗口（ClassName=Qt51514QWindowIcon），检查是否在登录界面...
2026-08-24 14:48:32,617 - wx4py.core.window - INFO - 正在初始化 UIAutomation...
2026-08-24 14:48:32,638 - wx4py.core.window - INFO - 成功连接到微信
2026-08-24 14:48:32,787 - wx4py.features.messaging.listener - INFO - 开始监听群聊: 我和我老婆
2026-08-24 16:06:41,911 - wx4py.features.messaging.listener - INFO - 群聊监听已停止
2026-08-24 16:06:41,993 - wx4py.core.window - INFO - 已断开微信连接
2026-08-24 16:06:41,994 - wx4py.client - INFO - 已断开微信连接
2026-08-24 16:06:46,166 - wx4py.client - INFO - 正在连接微信...
2026-08-24 16:06:46,167 - wx4py.core.window - INFO - 正在检查辅助功能环境...
2026-08-24 16:06:46,167 - wx4py.core.window - INFO - 正在查找微信窗口...
2026-08-24 16:06:46,173 - wx4py.core.window - INFO - 找到微信窗口: HWND=1311848
2026-08-24 16:06:46,501 - wx4py.core.window - INFO - 当前窗口不是主窗口（ClassName=Qt51514QWindowIcon），检查是否在登录界面...
2026-08-24 16:06:46,620 - wx4py.core.window - INFO - 正在初始化 UIAutomation...
2026-08-24 16:06:46,638 - wx4py.core.window - INFO - 成功连接到微信
2026-08-24 16:06:46,698 - wx4py.features.chat - INFO - 正在打开聊天: 我和我老婆 (类型: group)
2026-08-24 16:06:46,699 - wx4py.features.chat - INFO - 搜索: 我和我老婆
2026-08-24 16:06:53,157 - wx4py.features.chat - INFO - 聊天已打开: 我和我老婆
2026-08-24 16:06:55,126 - wx4py.features.messaging.listener - INFO - 开始监听群聊: 我和我老婆
2026-08-24 16:39:22,770 - wx4py.features.messaging.listener - INFO - 群聊监听已停止
2026-08-24 16:39:22,774 - wx4py.core.window - INFO - 已断开微信连接
2026-08-24 16:39:22,775 - wx4py.client - INFO - 已断开微信连接
2026-08-24 16:39:27,206 - wx4py.client - INFO - 正在连接微信...
2026-08-24 16:39:27,206 - wx4py.core.window - INFO - 正在检查辅助功能环境...
2026-08-24 16:39:27,207 - wx4py.core.window - INFO - 正在查找微信窗口...
2026-08-24 16:39:27,214 - wx4py.core.window - INFO - 找到微信窗口: HWND=1311848
2026-08-24 16:39:27,550 - wx4py.core.window - INFO - 当前窗口不是主窗口（ClassName=Qt51514QWindowIcon），检查是否在登录界面...
2026-08-24 16:39:27,655 - wx4py.core.window - INFO - 正在初始化 UIAutomation...
2026-08-24 16:39:27,674 - wx4py.core.window - INFO - 成功连接到微信
2026-08-24 16:39:27,807 - wx4py.features.messaging.listener - INFO - 开始监听群聊: 我和我老婆
2026-08-24 16:39:52,876 - wx4py.features.messaging.listener - INFO - 群聊监听已停止
2026-08-24 16:39:52,963 - wx4py.core.window - INFO - 已断开微信连接
2026-08-24 16:39:52,963 - wx4py.client - INFO - 已断开微信连接
2026-08-24 16:39:57,510 - wx4py.client - INFO - 正在连接微信...
2026-08-24 16:39:57,510 - wx4py.core.window - INFO - 正在检查辅助功能环境...
2026-08-24 16:39:57,510 - wx4py.core.window - INFO - 正在查找微信窗口...
2026-08-24 16:39:57,519 - wx4py.core.window - INFO - 找到微信窗口: HWND=1311848
2026-08-24 16:39:57,844 - wx4py.core.window - INFO - 当前窗口不是主窗口（ClassName=Qt51514QWindowIcon），检查是否在登录界面...
2026-08-24 16:39:57,951 - wx4py.core.window - INFO - 正在初始化 UIAutomation...
2026-08-24 16:39:57,967 - wx4py.core.window - INFO - 成功连接到微信
2026-08-24 16:39:58,093 - wx4py.features.messaging.listener - INFO - 开始监听群聊: 我和我老婆
